Archive member included to satisfy reference by file (symbol)

/home/manoj/efinity/efinity-riscv-ide-2022.2.2/toolchain/bin/../lib/gcc/riscv-none-embed/8.3.0/../../../../riscv-none-embed/lib/rv32im/ilp32/libc.a(lib_a-init.o)
                              build//home/manoj/Documents/works/efinity_1/embedded_sw/sapphire_soc_no_cache/software/standalone/common/start.o (__libc_init_array)

Discarded input sections

 .group         0x0000000000000000        0xc build//home/manoj/Documents/works/efinity_1/embedded_sw/sapphire_soc_no_cache/software/standalone/uartEchoDemo/src/main.o
 .group         0x0000000000000000        0xc build//home/manoj/Documents/works/efinity_1/embedded_sw/sapphire_soc_no_cache/software/standalone/uartEchoDemo/src/main.o
 .group         0x0000000000000000        0xc build//home/manoj/Documents/works/efinity_1/embedded_sw/sapphire_soc_no_cache/software/standalone/uartEchoDemo/src/main.o
 .group         0x0000000000000000        0xc build//home/manoj/Documents/works/efinity_1/embedded_sw/sapphire_soc_no_cache/software/standalone/uartEchoDemo/src/main.o
 .group         0x0000000000000000        0xc build//home/manoj/Documents/works/efinity_1/embedded_sw/sapphire_soc_no_cache/software/standalone/uartEchoDemo/src/main.o
 .group         0x0000000000000000        0xc build//home/manoj/Documents/works/efinity_1/embedded_sw/sapphire_soc_no_cache/software/standalone/uartEchoDemo/src/main.o
 .group         0x0000000000000000        0xc build//home/manoj/Documents/works/efinity_1/embedded_sw/sapphire_soc_no_cache/software/standalone/uartEchoDemo/src/main.o
 .group         0x0000000000000000        0xc build//home/manoj/Documents/works/efinity_1/embedded_sw/sapphire_soc_no_cache/software/standalone/uartEchoDemo/src/main.o
 .group         0x0000000000000000        0xc build//home/manoj/Documents/works/efinity_1/embedded_sw/sapphire_soc_no_cache/software/standalone/uartEchoDemo/src/main.o
 .group         0x0000000000000000        0xc build//home/manoj/Documents/works/efinity_1/embedded_sw/sapphire_soc_no_cache/software/standalone/uartEchoDemo/src/main.o
 .group         0x0000000000000000        0xc build//home/manoj/Documents/works/efinity_1/embedded_sw/sapphire_soc_no_cache/software/standalone/uartEchoDemo/src/main.o
 .group         0x0000000000000000        0xc build//home/manoj/Documents/works/efinity_1/embedded_sw/sapphire_soc_no_cache/software/standalone/uartEchoDemo/src/main.o
 .group         0x0000000000000000        0xc build//home/manoj/Documents/works/efinity_1/embedded_sw/sapphire_soc_no_cache/software/standalone/uartEchoDemo/src/main.o
 .group         0x0000000000000000        0xc build//home/manoj/Documents/works/efinity_1/embedded_sw/sapphire_soc_no_cache/software/standalone/uartEchoDemo/src/main.o
 .group         0x0000000000000000        0xc build//home/manoj/Documents/works/efinity_1/embedded_sw/sapphire_soc_no_cache/software/standalone/uartEchoDemo/src/main.o
 .group         0x0000000000000000        0xc build//home/manoj/Documents/works/efinity_1/embedded_sw/sapphire_soc_no_cache/software/standalone/uartEchoDemo/src/main.o
 .group         0x0000000000000000        0xc build//home/manoj/Documents/works/efinity_1/embedded_sw/sapphire_soc_no_cache/software/standalone/uartEchoDemo/src/main.o
 .group         0x0000000000000000        0xc build//home/manoj/Documents/works/efinity_1/embedded_sw/sapphire_soc_no_cache/software/standalone/uartEchoDemo/src/main.o
 .group         0x0000000000000000        0xc build//home/manoj/Documents/works/efinity_1/embedded_sw/sapphire_soc_no_cache/software/standalone/uartEchoDemo/src/main.o
 .group         0x0000000000000000        0xc build//home/manoj/Documents/works/efinity_1/embedded_sw/sapphire_soc_no_cache/software/standalone/uartEchoDemo/src/main.o
 .group         0x0000000000000000        0xc build//home/manoj/Documents/works/efinity_1/embedded_sw/sapphire_soc_no_cache/software/standalone/uartEchoDemo/src/main.o
 .group         0x0000000000000000        0xc build//home/manoj/Documents/works/efinity_1/embedded_sw/sapphire_soc_no_cache/software/standalone/uartEchoDemo/src/main.o
 .group         0x0000000000000000        0xc build//home/manoj/Documents/works/efinity_1/embedded_sw/sapphire_soc_no_cache/software/standalone/uartEchoDemo/src/main.o
 .group         0x0000000000000000        0xc build//home/manoj/Documents/works/efinity_1/embedded_sw/sapphire_soc_no_cache/software/standalone/uartEchoDemo/src/main.o
 .group         0x0000000000000000        0xc build//home/manoj/Documents/works/efinity_1/embedded_sw/sapphire_soc_no_cache/software/standalone/uartEchoDemo/src/main.o
 .group         0x0000000000000000        0xc build//home/manoj/Documents/works/efinity_1/embedded_sw/sapphire_soc_no_cache/software/standalone/uartEchoDemo/src/main.o
 .group         0x0000000000000000        0xc build//home/manoj/Documents/works/efinity_1/embedded_sw/sapphire_soc_no_cache/software/standalone/uartEchoDemo/src/main.o
 .group         0x0000000000000000        0xc build//home/manoj/Documents/works/efinity_1/embedded_sw/sapphire_soc_no_cache/software/standalone/uartEchoDemo/src/main.o
 .group         0x0000000000000000        0xc build//home/manoj/Documents/works/efinity_1/embedded_sw/sapphire_soc_no_cache/software/standalone/uartEchoDemo/src/main.o
 .group         0x0000000000000000        0xc build//home/manoj/Documents/works/efinity_1/embedded_sw/sapphire_soc_no_cache/software/standalone/uartEchoDemo/src/main.o
 .group         0x0000000000000000        0xc build//home/manoj/Documents/works/efinity_1/embedded_sw/sapphire_soc_no_cache/software/standalone/uartEchoDemo/src/main.o
 .group         0x0000000000000000        0xc build//home/manoj/Documents/works/efinity_1/embedded_sw/sapphire_soc_no_cache/software/standalone/uartEchoDemo/src/main.o
 .group         0x0000000000000000        0xc build//home/manoj/Documents/works/efinity_1/embedded_sw/sapphire_soc_no_cache/software/standalone/uartEchoDemo/src/main.o

Memory Configuration

Name             Origin             Length             Attributes
ram              0x00000000f9000000 0x0000000000006000 axwl !r
*default*        0x0000000000000000 0xffffffffffffffff

Linker script and memory map

LOAD build//home/manoj/Documents/works/efinity_1/embedded_sw/sapphire_soc_no_cache/software/standalone/uartEchoDemo/src/main.o
LOAD build//home/manoj/Documents/works/efinity_1/embedded_sw/sapphire_soc_no_cache/software/standalone/common/start.o
LOAD /home/manoj/efinity/efinity-riscv-ide-2022.2.2/toolchain/bin/../lib/gcc/riscv-none-embed/8.3.0/../../../../riscv-none-embed/lib/rv32im/ilp32/libc.a
LOAD /home/manoj/efinity/efinity-riscv-ide-2022.2.2/toolchain/bin/../lib/gcc/riscv-none-embed/8.3.0/rv32im/ilp32/libgcc.a
                0x0000000000000c00                __stack_size = DEFINED (__stack_size)?__stack_size:0xc00

.init           0x00000000f9000000       0x60
 *(SORT_NONE(.init))
 .init          0x00000000f9000000       0x60 build//home/manoj/Documents/works/efinity_1/embedded_sw/sapphire_soc_no_cache/software/standalone/common/start.o
                0x00000000f9000000                _start
                0x00000000f900005c                _init

.text           0x00000000f9000060      0x4ac
 *(.text.Proc_1)
 *(.text.Proc_2)
 *(.text.Proc_3)
 *(.text.Proc_4)
 *(.text.Proc_5)
 *(.text.Proc_6)
 *(.text.Proc_7)
 *(.text.Proc_8)
 *(.text.Func_1)
 *(.text.Func_2)
 *(.text.Func_3)
 *(.text.strcpy)
 *libc.a:*(.text .text.*)
 .text          0x00000000f9000060        0x0 /home/manoj/efinity/efinity-riscv-ide-2022.2.2/toolchain/bin/../lib/gcc/riscv-none-embed/8.3.0/../../../../riscv-none-embed/lib/rv32im/ilp32/libc.a(lib_a-init.o)
 .text.__libc_init_array
                0x00000000f9000060       0x94 /home/manoj/efinity/efinity-riscv-ide-2022.2.2/toolchain/bin/../lib/gcc/riscv-none-embed/8.3.0/../../../../riscv-none-embed/lib/rv32im/ilp32/libc.a(lib_a-init.o)
                0x00000000f9000060                __libc_init_array
 *(.text.main)
 *(.text.unlikely .text.unlikely.*)
 *(.text.startup .text.startup.*)
 *(.text .text.*)
 .text          0x00000000f90000f4      0x418 build//home/manoj/Documents/works/efinity_1/embedded_sw/sapphire_soc_no_cache/software/standalone/uartEchoDemo/src/main.o
                0x00000000f90004c0                main
 .text          0x00000000f900050c        0x0 build//home/manoj/Documents/works/efinity_1/embedded_sw/sapphire_soc_no_cache/software/standalone/common/start.o
 *(.gnu.linkonce.t.*)
 *(.note.gnu.build-id)

.rela.dyn       0x00000000f900050c        0x0
 .rela.init     0x00000000f900050c        0x0 build//home/manoj/Documents/works/efinity_1/embedded_sw/sapphire_soc_no_cache/software/standalone/uartEchoDemo/src/main.o
 .rela.text.__libc_init_array
                0x00000000f900050c        0x0 build//home/manoj/Documents/works/efinity_1/embedded_sw/sapphire_soc_no_cache/software/standalone/uartEchoDemo/src/main.o

.fini
 *(SORT_NONE(.fini))
                [!provide]                        PROVIDE (__etext = .)
                [!provide]                        PROVIDE (_etext = .)
                [!provide]                        PROVIDE (etext = .)
                0x00000000f900050c                . = ALIGN (0x4)

.preinit_array  0x00000000f900050c        0x0
                0x00000000f900050c                PROVIDE (__preinit_array_start = .)
 *(.preinit_array)
                0x00000000f900050c                PROVIDE (__preinit_array_end = .)

.init_array     0x00000000f900050c        0x0
                0x00000000f900050c                PROVIDE (__init_array_start = .)
 *(SORT_BY_INIT_PRIORITY(.init_array.*) SORT_BY_INIT_PRIORITY(.ctors.*))
 *(.init_array EXCLUDE_FILE(*crtend?.o *crtend.o *crtbegin?.o *crtbegin.o) .ctors)
                0x00000000f900050c                PROVIDE (__init_array_end = .)

.fini_array     0x00000000f900050c        0x0
                [!provide]                        PROVIDE (__fini_array_start = .)
 *(SORT_BY_INIT_PRIORITY(.fini_array.*) SORT_BY_INIT_PRIORITY(.dtors.*))
 *(.fini_array EXCLUDE_FILE(*crtend?.o *crtend.o *crtbegin?.o *crtbegin.o) .dtors)
                [!provide]                        PROVIDE (__fini_array_end = .)

.ctors
 *crtbegin.o(.ctors)
 *crtbegin?.o(.ctors)
 *(EXCLUDE_FILE(*crtend?.o *crtend.o) .ctors)
 *(SORT_BY_NAME(.ctors.*))
 *(.ctors)

.dtors
 *crtbegin.o(.dtors)
 *crtbegin?.o(.dtors)
 *(EXCLUDE_FILE(*crtend?.o *crtend.o) .dtors)
 *(SORT_BY_NAME(.dtors.*))
 *(.dtors)

.lalign         0x00000000f900050c        0x0
                0x00000000f900050c                . = ALIGN (0x4)
                0x00000000f900050c                PROVIDE (_data_lma = .)

.dalign         0x00000000f900050c        0x0
                0x00000000f900050c                . = ALIGN (0x4)
                0x00000000f900050c                PROVIDE (_data = .)

.data           0x00000000f900050c       0xde
 *(.rdata)
 *(.rodata .rodata.*)
 .rodata.str1.4
                0x00000000f900050c       0xd4 build//home/manoj/Documents/works/efinity_1/embedded_sw/sapphire_soc_no_cache/software/standalone/uartEchoDemo/src/main.o
                                         0xd2 (size before relaxing)
 *(.gnu.linkonce.r.*)
 *(.data .data.*)
 .data          0x00000000f90005e0        0x0 build//home/manoj/Documents/works/efinity_1/embedded_sw/sapphire_soc_no_cache/software/standalone/uartEchoDemo/src/main.o
 .data          0x00000000f90005e0        0x0 build//home/manoj/Documents/works/efinity_1/embedded_sw/sapphire_soc_no_cache/software/standalone/common/start.o
 .data          0x00000000f90005e0        0x0 /home/manoj/efinity/efinity-riscv-ide-2022.2.2/toolchain/bin/../lib/gcc/riscv-none-embed/8.3.0/../../../../riscv-none-embed/lib/rv32im/ilp32/libc.a(lib_a-init.o)
 *(.gnu.linkonce.d.*)
                0x00000000f90005e0                . = ALIGN (0x8)
                0x00000000f9000dd0                PROVIDE (__global_pointer$ = (. + 0x7f0))
 *(.sdata .sdata.*)
 *(.gnu.linkonce.s.*)
                0x00000000f90005e0                . = ALIGN (0x8)
 *(.srodata.cst16)
 *(.srodata.cst8)
 *(.srodata.cst4)
 *(.srodata.cst2)
 *(.srodata .srodata.*)
                0x00000000f90005ea                . = (. + 0xa)
 *fill*         0x00000000f90005e0        0xa 
                0x00000000f90005ec                . = ALIGN (0x4)
                0x00000000f90005ec                PROVIDE (_edata = .)
                [!provide]                        PROVIDE (edata = .)
                [!provide]                        PROVIDE (_fbss = .)
                0x00000000f90005ec                PROVIDE (__bss_start = .)

.bss            0x00000000f90005ea        0x2
 *(.sbss*)
 *(.gnu.linkonce.sb.*)
 *(.bss .bss.*)
 .bss           0x00000000f90005ea        0x0 build//home/manoj/Documents/works/efinity_1/embedded_sw/sapphire_soc_no_cache/software/standalone/uartEchoDemo/src/main.o
 .bss           0x00000000f90005ea        0x0 build//home/manoj/Documents/works/efinity_1/embedded_sw/sapphire_soc_no_cache/software/standalone/common/start.o
 .bss           0x00000000f90005ea        0x0 /home/manoj/efinity/efinity-riscv-ide-2022.2.2/toolchain/bin/../lib/gcc/riscv-none-embed/8.3.0/../../../../riscv-none-embed/lib/rv32im/ilp32/libc.a(lib_a-init.o)
 *(.gnu.linkonce.b.*)
 *(COMMON)
                0x00000000f90005ec                . = ALIGN (0x4)
 *fill*         0x00000000f90005ea        0x2 
                0x00000000f90005f0                . = ALIGN (0x8)
                0x00000000f90005f0                PROVIDE (_end = .)
                [!provide]                        PROVIDE (end = .)

.stack          0x00000000f90005f0      0xc00
                [!provide]                        PROVIDE (_heap_end = .)
                0x0000000000000c00                . = __stack_size
 *fill*         0x00000000f90005f0      0xc00 
                0x00000000f90011f0                PROVIDE (_sp = .)
                0x00000000f90011f0                __freertos_irq_stack_top = .
LOAD /home/manoj/efinity/efinity-riscv-ide-2022.2.2/toolchain/bin/../lib/gcc/riscv-none-embed/8.3.0/../../../../riscv-none-embed/lib/rv32im/ilp32/libm.a
LOAD /home/manoj/efinity/efinity-riscv-ide-2022.2.2/toolchain/bin/../lib/gcc/riscv-none-embed/8.3.0/rv32im/ilp32/libgcc.a
START GROUP
LOAD /home/manoj/efinity/efinity-riscv-ide-2022.2.2/toolchain/bin/../lib/gcc/riscv-none-embed/8.3.0/rv32im/ilp32/libgcc.a
LOAD /home/manoj/efinity/efinity-riscv-ide-2022.2.2/toolchain/bin/../lib/gcc/riscv-none-embed/8.3.0/../../../../riscv-none-embed/lib/rv32im/ilp32/libg.a
LOAD /home/manoj/efinity/efinity-riscv-ide-2022.2.2/toolchain/bin/../lib/gcc/riscv-none-embed/8.3.0/../../../../riscv-none-embed/lib/rv32im/ilp32/libc.a
END GROUP
LOAD /home/manoj/efinity/efinity-riscv-ide-2022.2.2/toolchain/bin/../lib/gcc/riscv-none-embed/8.3.0/rv32im/ilp32/libgcc.a
START GROUP
LOAD /home/manoj/efinity/efinity-riscv-ide-2022.2.2/toolchain/bin/../lib/gcc/riscv-none-embed/8.3.0/rv32im/ilp32/libgcc.a
LOAD /home/manoj/efinity/efinity-riscv-ide-2022.2.2/toolchain/bin/../lib/gcc/riscv-none-embed/8.3.0/../../../../riscv-none-embed/lib/rv32im/ilp32/libc.a
LOAD /home/manoj/efinity/efinity-riscv-ide-2022.2.2/toolchain/bin/../lib/gcc/riscv-none-embed/8.3.0/../../../../riscv-none-embed/lib/rv32im/ilp32/libnosys.a
END GROUP
OUTPUT(build/uartEchoDemo.elf elf32-littleriscv)

.debug_info     0x0000000000000000      0xed1
 .debug_info    0x0000000000000000      0xeab build//home/manoj/Documents/works/efinity_1/embedded_sw/sapphire_soc_no_cache/software/standalone/uartEchoDemo/src/main.o
 .debug_info    0x0000000000000eab       0x26 build//home/manoj/Documents/works/efinity_1/embedded_sw/sapphire_soc_no_cache/software/standalone/common/start.o

.debug_abbrev   0x0000000000000000      0x360
 .debug_abbrev  0x0000000000000000      0x34c build//home/manoj/Documents/works/efinity_1/embedded_sw/sapphire_soc_no_cache/software/standalone/uartEchoDemo/src/main.o
 .debug_abbrev  0x000000000000034c       0x14 build//home/manoj/Documents/works/efinity_1/embedded_sw/sapphire_soc_no_cache/software/standalone/common/start.o

.debug_loc      0x0000000000000000      0x325
 .debug_loc     0x0000000000000000      0x325 build//home/manoj/Documents/works/efinity_1/embedded_sw/sapphire_soc_no_cache/software/standalone/uartEchoDemo/src/main.o

.debug_aranges  0x0000000000000000       0x40
 .debug_aranges
                0x0000000000000000       0x20 build//home/manoj/Documents/works/efinity_1/embedded_sw/sapphire_soc_no_cache/software/standalone/uartEchoDemo/src/main.o
 .debug_aranges
                0x0000000000000020       0x20 build//home/manoj/Documents/works/efinity_1/embedded_sw/sapphire_soc_no_cache/software/standalone/common/start.o

.debug_macro    0x0000000000000000     0x1afb
 .debug_macro   0x0000000000000000      0x1a7 build//home/manoj/Documents/works/efinity_1/embedded_sw/sapphire_soc_no_cache/software/standalone/uartEchoDemo/src/main.o
 .debug_macro   0x00000000000001a7      0x760 build//home/manoj/Documents/works/efinity_1/embedded_sw/sapphire_soc_no_cache/software/standalone/uartEchoDemo/src/main.o
 .debug_macro   0x0000000000000907       0x22 build//home/manoj/Documents/works/efinity_1/embedded_sw/sapphire_soc_no_cache/software/standalone/uartEchoDemo/src/main.o
 .debug_macro   0x0000000000000929       0x8e build//home/manoj/Documents/works/efinity_1/embedded_sw/sapphire_soc_no_cache/software/standalone/uartEchoDemo/src/main.o
 .debug_macro   0x00000000000009b7       0x51 build//home/manoj/Documents/works/efinity_1/embedded_sw/sapphire_soc_no_cache/software/standalone/uartEchoDemo/src/main.o
 .debug_macro   0x0000000000000a08      0x103 build//home/manoj/Documents/works/efinity_1/embedded_sw/sapphire_soc_no_cache/software/standalone/uartEchoDemo/src/main.o
 .debug_macro   0x0000000000000b0b       0x6a build//home/manoj/Documents/works/efinity_1/embedded_sw/sapphire_soc_no_cache/software/standalone/uartEchoDemo/src/main.o
 .debug_macro   0x0000000000000b75      0x1df build//home/manoj/Documents/works/efinity_1/embedded_sw/sapphire_soc_no_cache/software/standalone/uartEchoDemo/src/main.o
 .debug_macro   0x0000000000000d54      0x13c build//home/manoj/Documents/works/efinity_1/embedded_sw/sapphire_soc_no_cache/software/standalone/uartEchoDemo/src/main.o
 .debug_macro   0x0000000000000e90       0xc4 build//home/manoj/Documents/works/efinity_1/embedded_sw/sapphire_soc_no_cache/software/standalone/uartEchoDemo/src/main.o
 .debug_macro   0x0000000000000f54       0x10 build//home/manoj/Documents/works/efinity_1/embedded_sw/sapphire_soc_no_cache/software/standalone/uartEchoDemo/src/main.o
 .debug_macro   0x0000000000000f64       0x1c build//home/manoj/Documents/works/efinity_1/embedded_sw/sapphire_soc_no_cache/software/standalone/uartEchoDemo/src/main.o
 .debug_macro   0x0000000000000f80       0x16 build//home/manoj/Documents/works/efinity_1/embedded_sw/sapphire_soc_no_cache/software/standalone/uartEchoDemo/src/main.o
 .debug_macro   0x0000000000000f96       0xac build//home/manoj/Documents/works/efinity_1/embedded_sw/sapphire_soc_no_cache/software/standalone/uartEchoDemo/src/main.o
 .debug_macro   0x0000000000001042       0x58 build//home/manoj/Documents/works/efinity_1/embedded_sw/sapphire_soc_no_cache/software/standalone/uartEchoDemo/src/main.o
 .debug_macro   0x000000000000109a       0x19 build//home/manoj/Documents/works/efinity_1/embedded_sw/sapphire_soc_no_cache/software/standalone/uartEchoDemo/src/main.o
 .debug_macro   0x00000000000010b3       0x52 build//home/manoj/Documents/works/efinity_1/embedded_sw/sapphire_soc_no_cache/software/standalone/uartEchoDemo/src/main.o
 .debug_macro   0x0000000000001105       0x34 build//home/manoj/Documents/works/efinity_1/embedded_sw/sapphire_soc_no_cache/software/standalone/uartEchoDemo/src/main.o
 .debug_macro   0x0000000000001139       0x34 build//home/manoj/Documents/works/efinity_1/embedded_sw/sapphire_soc_no_cache/software/standalone/uartEchoDemo/src/main.o
 .debug_macro   0x000000000000116d       0x16 build//home/manoj/Documents/works/efinity_1/embedded_sw/sapphire_soc_no_cache/software/standalone/uartEchoDemo/src/main.o
 .debug_macro   0x0000000000001183      0x10e build//home/manoj/Documents/works/efinity_1/embedded_sw/sapphire_soc_no_cache/software/standalone/uartEchoDemo/src/main.o
 .debug_macro   0x0000000000001291       0x8d build//home/manoj/Documents/works/efinity_1/embedded_sw/sapphire_soc_no_cache/software/standalone/uartEchoDemo/src/main.o
 .debug_macro   0x000000000000131e       0x16 build//home/manoj/Documents/works/efinity_1/embedded_sw/sapphire_soc_no_cache/software/standalone/uartEchoDemo/src/main.o
 .debug_macro   0x0000000000001334       0x43 build//home/manoj/Documents/works/efinity_1/embedded_sw/sapphire_soc_no_cache/software/standalone/uartEchoDemo/src/main.o
 .debug_macro   0x0000000000001377       0x34 build//home/manoj/Documents/works/efinity_1/embedded_sw/sapphire_soc_no_cache/software/standalone/uartEchoDemo/src/main.o
 .debug_macro   0x00000000000013ab       0x10 build//home/manoj/Documents/works/efinity_1/embedded_sw/sapphire_soc_no_cache/software/standalone/uartEchoDemo/src/main.o
 .debug_macro   0x00000000000013bb       0x52 build//home/manoj/Documents/works/efinity_1/embedded_sw/sapphire_soc_no_cache/software/standalone/uartEchoDemo/src/main.o
 .debug_macro   0x000000000000140d      0x182 build//home/manoj/Documents/works/efinity_1/embedded_sw/sapphire_soc_no_cache/software/standalone/uartEchoDemo/src/main.o
 .debug_macro   0x000000000000158f      0x339 build//home/manoj/Documents/works/efinity_1/embedded_sw/sapphire_soc_no_cache/software/standalone/uartEchoDemo/src/main.o
 .debug_macro   0x00000000000018c8       0x16 build//home/manoj/Documents/works/efinity_1/embedded_sw/sapphire_soc_no_cache/software/standalone/uartEchoDemo/src/main.o
 .debug_macro   0x00000000000018de       0x29 build//home/manoj/Documents/works/efinity_1/embedded_sw/sapphire_soc_no_cache/software/standalone/uartEchoDemo/src/main.o
 .debug_macro   0x0000000000001907      0x1a9 build//home/manoj/Documents/works/efinity_1/embedded_sw/sapphire_soc_no_cache/software/standalone/uartEchoDemo/src/main.o
 .debug_macro   0x0000000000001ab0       0x16 build//home/manoj/Documents/works/efinity_1/embedded_sw/sapphire_soc_no_cache/software/standalone/uartEchoDemo/src/main.o
 .debug_macro   0x0000000000001ac6       0x35 build//home/manoj/Documents/works/efinity_1/embedded_sw/sapphire_soc_no_cache/software/standalone/uartEchoDemo/src/main.o

.debug_line     0x0000000000000000      0x9e7
 .debug_line    0x0000000000000000      0x92d build//home/manoj/Documents/works/efinity_1/embedded_sw/sapphire_soc_no_cache/software/standalone/uartEchoDemo/src/main.o
 .debug_line    0x000000000000092d       0xba build//home/manoj/Documents/works/efinity_1/embedded_sw/sapphire_soc_no_cache/software/standalone/common/start.o

.debug_str      0x0000000000000000     0x79f1
 .debug_str     0x0000000000000000     0x79d3 build//home/manoj/Documents/works/efinity_1/embedded_sw/sapphire_soc_no_cache/software/standalone/uartEchoDemo/src/main.o
                                       0x7c93 (size before relaxing)
 .debug_str     0x00000000000079d3       0x1e build//home/manoj/Documents/works/efinity_1/embedded_sw/sapphire_soc_no_cache/software/standalone/common/start.o
                                         0x88 (size before relaxing)

.comment        0x0000000000000000       0x33
 .comment       0x0000000000000000       0x33 build//home/manoj/Documents/works/efinity_1/embedded_sw/sapphire_soc_no_cache/software/standalone/uartEchoDemo/src/main.o
                                         0x34 (size before relaxing)

.debug_frame    0x0000000000000000      0x1d0
 .debug_frame   0x0000000000000000      0x194 build//home/manoj/Documents/works/efinity_1/embedded_sw/sapphire_soc_no_cache/software/standalone/uartEchoDemo/src/main.o
 .debug_frame   0x0000000000000194       0x3c /home/manoj/efinity/efinity-riscv-ide-2022.2.2/toolchain/bin/../lib/gcc/riscv-none-embed/8.3.0/../../../../riscv-none-embed/lib/rv32im/ilp32/libc.a(lib_a-init.o)
