Archive member included to satisfy reference by file (symbol)

/media/manoj/5121/tool/efinix/efinity/efinity-riscv-ide-2022.2.2/efinity-riscv-ide-2022.2.2/toolchain/bin/../lib/gcc/riscv-none-embed/8.3.0/../../../../riscv-none-embed/lib/rv32im/ilp32/libc.a(lib_a-init.o)
                              build//media/manoj/5121/prj/efinity_1_copy/efinity_1/ip/sapphire_soc_no_cache/Ti60F225_devkit/embedded_sw/sapphire_soc_no_cache/software/standalone/common/start.o (__libc_init_array)

Discarded input sections

 .group         0x0000000000000000        0xc build//media/manoj/5121/prj/efinity_1_copy/efinity_1/ip/sapphire_soc_no_cache/Ti60F225_devkit/embedded_sw/sapphire_soc_no_cache/software/standalone/gpioDemo/src/main.o
 .group         0x0000000000000000        0xc build//media/manoj/5121/prj/efinity_1_copy/efinity_1/ip/sapphire_soc_no_cache/Ti60F225_devkit/embedded_sw/sapphire_soc_no_cache/software/standalone/gpioDemo/src/main.o
 .group         0x0000000000000000        0xc build//media/manoj/5121/prj/efinity_1_copy/efinity_1/ip/sapphire_soc_no_cache/Ti60F225_devkit/embedded_sw/sapphire_soc_no_cache/software/standalone/gpioDemo/src/main.o
 .group         0x0000000000000000        0xc build//media/manoj/5121/prj/efinity_1_copy/efinity_1/ip/sapphire_soc_no_cache/Ti60F225_devkit/embedded_sw/sapphire_soc_no_cache/software/standalone/gpioDemo/src/main.o
 .group         0x0000000000000000        0xc build//media/manoj/5121/prj/efinity_1_copy/efinity_1/ip/sapphire_soc_no_cache/Ti60F225_devkit/embedded_sw/sapphire_soc_no_cache/software/standalone/gpioDemo/src/main.o
 .group         0x0000000000000000        0xc build//media/manoj/5121/prj/efinity_1_copy/efinity_1/ip/sapphire_soc_no_cache/Ti60F225_devkit/embedded_sw/sapphire_soc_no_cache/software/standalone/gpioDemo/src/main.o
 .group         0x0000000000000000        0xc build//media/manoj/5121/prj/efinity_1_copy/efinity_1/ip/sapphire_soc_no_cache/Ti60F225_devkit/embedded_sw/sapphire_soc_no_cache/software/standalone/gpioDemo/src/main.o
 .group         0x0000000000000000        0xc build//media/manoj/5121/prj/efinity_1_copy/efinity_1/ip/sapphire_soc_no_cache/Ti60F225_devkit/embedded_sw/sapphire_soc_no_cache/software/standalone/gpioDemo/src/main.o
 .group         0x0000000000000000        0xc build//media/manoj/5121/prj/efinity_1_copy/efinity_1/ip/sapphire_soc_no_cache/Ti60F225_devkit/embedded_sw/sapphire_soc_no_cache/software/standalone/gpioDemo/src/main.o
 .group         0x0000000000000000        0xc build//media/manoj/5121/prj/efinity_1_copy/efinity_1/ip/sapphire_soc_no_cache/Ti60F225_devkit/embedded_sw/sapphire_soc_no_cache/software/standalone/gpioDemo/src/main.o
 .group         0x0000000000000000        0xc build//media/manoj/5121/prj/efinity_1_copy/efinity_1/ip/sapphire_soc_no_cache/Ti60F225_devkit/embedded_sw/sapphire_soc_no_cache/software/standalone/gpioDemo/src/main.o
 .group         0x0000000000000000        0xc build//media/manoj/5121/prj/efinity_1_copy/efinity_1/ip/sapphire_soc_no_cache/Ti60F225_devkit/embedded_sw/sapphire_soc_no_cache/software/standalone/gpioDemo/src/main.o
 .group         0x0000000000000000        0xc build//media/manoj/5121/prj/efinity_1_copy/efinity_1/ip/sapphire_soc_no_cache/Ti60F225_devkit/embedded_sw/sapphire_soc_no_cache/software/standalone/gpioDemo/src/main.o
 .group         0x0000000000000000        0xc build//media/manoj/5121/prj/efinity_1_copy/efinity_1/ip/sapphire_soc_no_cache/Ti60F225_devkit/embedded_sw/sapphire_soc_no_cache/software/standalone/gpioDemo/src/main.o
 .group         0x0000000000000000        0xc build//media/manoj/5121/prj/efinity_1_copy/efinity_1/ip/sapphire_soc_no_cache/Ti60F225_devkit/embedded_sw/sapphire_soc_no_cache/software/standalone/gpioDemo/src/main.o
 .group         0x0000000000000000        0xc build//media/manoj/5121/prj/efinity_1_copy/efinity_1/ip/sapphire_soc_no_cache/Ti60F225_devkit/embedded_sw/sapphire_soc_no_cache/software/standalone/gpioDemo/src/main.o
 .group         0x0000000000000000        0xc build//media/manoj/5121/prj/efinity_1_copy/efinity_1/ip/sapphire_soc_no_cache/Ti60F225_devkit/embedded_sw/sapphire_soc_no_cache/software/standalone/gpioDemo/src/main.o
 .group         0x0000000000000000        0xc build//media/manoj/5121/prj/efinity_1_copy/efinity_1/ip/sapphire_soc_no_cache/Ti60F225_devkit/embedded_sw/sapphire_soc_no_cache/software/standalone/gpioDemo/src/main.o
 .group         0x0000000000000000        0xc build//media/manoj/5121/prj/efinity_1_copy/efinity_1/ip/sapphire_soc_no_cache/Ti60F225_devkit/embedded_sw/sapphire_soc_no_cache/software/standalone/gpioDemo/src/main.o
 .group         0x0000000000000000        0xc build//media/manoj/5121/prj/efinity_1_copy/efinity_1/ip/sapphire_soc_no_cache/Ti60F225_devkit/embedded_sw/sapphire_soc_no_cache/software/standalone/gpioDemo/src/main.o
 .group         0x0000000000000000        0xc build//media/manoj/5121/prj/efinity_1_copy/efinity_1/ip/sapphire_soc_no_cache/Ti60F225_devkit/embedded_sw/sapphire_soc_no_cache/software/standalone/gpioDemo/src/main.o
 .group         0x0000000000000000        0xc build//media/manoj/5121/prj/efinity_1_copy/efinity_1/ip/sapphire_soc_no_cache/Ti60F225_devkit/embedded_sw/sapphire_soc_no_cache/software/standalone/gpioDemo/src/main.o
 .group         0x0000000000000000        0xc build//media/manoj/5121/prj/efinity_1_copy/efinity_1/ip/sapphire_soc_no_cache/Ti60F225_devkit/embedded_sw/sapphire_soc_no_cache/software/standalone/gpioDemo/src/main.o
 .group         0x0000000000000000        0xc build//media/manoj/5121/prj/efinity_1_copy/efinity_1/ip/sapphire_soc_no_cache/Ti60F225_devkit/embedded_sw/sapphire_soc_no_cache/software/standalone/gpioDemo/src/main.o
 .group         0x0000000000000000        0xc build//media/manoj/5121/prj/efinity_1_copy/efinity_1/ip/sapphire_soc_no_cache/Ti60F225_devkit/embedded_sw/sapphire_soc_no_cache/software/standalone/gpioDemo/src/main.o
 .group         0x0000000000000000        0xc build//media/manoj/5121/prj/efinity_1_copy/efinity_1/ip/sapphire_soc_no_cache/Ti60F225_devkit/embedded_sw/sapphire_soc_no_cache/software/standalone/gpioDemo/src/main.o
 .group         0x0000000000000000        0xc build//media/manoj/5121/prj/efinity_1_copy/efinity_1/ip/sapphire_soc_no_cache/Ti60F225_devkit/embedded_sw/sapphire_soc_no_cache/software/standalone/gpioDemo/src/main.o
 .group         0x0000000000000000        0xc build//media/manoj/5121/prj/efinity_1_copy/efinity_1/ip/sapphire_soc_no_cache/Ti60F225_devkit/embedded_sw/sapphire_soc_no_cache/software/standalone/gpioDemo/src/main.o
 .group         0x0000000000000000        0xc build//media/manoj/5121/prj/efinity_1_copy/efinity_1/ip/sapphire_soc_no_cache/Ti60F225_devkit/embedded_sw/sapphire_soc_no_cache/software/standalone/gpioDemo/src/main.o
 .group         0x0000000000000000        0xc build//media/manoj/5121/prj/efinity_1_copy/efinity_1/ip/sapphire_soc_no_cache/Ti60F225_devkit/embedded_sw/sapphire_soc_no_cache/software/standalone/gpioDemo/src/main.o
 .group         0x0000000000000000        0xc build//media/manoj/5121/prj/efinity_1_copy/efinity_1/ip/sapphire_soc_no_cache/Ti60F225_devkit/embedded_sw/sapphire_soc_no_cache/software/standalone/gpioDemo/src/main.o
 .group         0x0000000000000000        0xc build//media/manoj/5121/prj/efinity_1_copy/efinity_1/ip/sapphire_soc_no_cache/Ti60F225_devkit/embedded_sw/sapphire_soc_no_cache/software/standalone/gpioDemo/src/main.o
 .group         0x0000000000000000        0xc build//media/manoj/5121/prj/efinity_1_copy/efinity_1/ip/sapphire_soc_no_cache/Ti60F225_devkit/embedded_sw/sapphire_soc_no_cache/software/standalone/gpioDemo/src/main.o
 .group         0x0000000000000000        0xc build//media/manoj/5121/prj/efinity_1_copy/efinity_1/ip/sapphire_soc_no_cache/Ti60F225_devkit/embedded_sw/sapphire_soc_no_cache/software/standalone/gpioDemo/src/main.o
 .group         0x0000000000000000        0xc build//media/manoj/5121/prj/efinity_1_copy/efinity_1/ip/sapphire_soc_no_cache/Ti60F225_devkit/embedded_sw/sapphire_soc_no_cache/software/standalone/gpioDemo/src/main.o
 .group         0x0000000000000000        0xc build//media/manoj/5121/prj/efinity_1_copy/efinity_1/ip/sapphire_soc_no_cache/Ti60F225_devkit/embedded_sw/sapphire_soc_no_cache/software/standalone/gpioDemo/src/main.o

Memory Configuration

Name             Origin             Length             Attributes
ram              0x00000000f9000000 0x0000000000010000 axwl !r
*default*        0x0000000000000000 0xffffffffffffffff

Linker script and memory map

LOAD build//media/manoj/5121/prj/efinity_1_copy/efinity_1/ip/sapphire_soc_no_cache/Ti60F225_devkit/embedded_sw/sapphire_soc_no_cache/software/standalone/gpioDemo/src/main.o
LOAD build//media/manoj/5121/prj/efinity_1_copy/efinity_1/ip/sapphire_soc_no_cache/Ti60F225_devkit/embedded_sw/sapphire_soc_no_cache/software/standalone/common/start.o
LOAD build//media/manoj/5121/prj/efinity_1_copy/efinity_1/ip/sapphire_soc_no_cache/Ti60F225_devkit/embedded_sw/sapphire_soc_no_cache/software/standalone/common/trap.o
LOAD /media/manoj/5121/tool/efinix/efinity/efinity-riscv-ide-2022.2.2/efinity-riscv-ide-2022.2.2/toolchain/bin/../lib/gcc/riscv-none-embed/8.3.0/../../../../riscv-none-embed/lib/rv32im/ilp32/libc.a
LOAD /media/manoj/5121/tool/efinix/efinity/efinity-riscv-ide-2022.2.2/efinity-riscv-ide-2022.2.2/toolchain/bin/../lib/gcc/riscv-none-embed/8.3.0/rv32im/ilp32/libgcc.a
                0x0000000000002000                __stack_size = DEFINED (__stack_size)?__stack_size:0x2000

.init           0x00000000f9000000       0x64
 *(SORT_NONE(.init))
 .init          0x00000000f9000000       0x64 build//media/manoj/5121/prj/efinity_1_copy/efinity_1/ip/sapphire_soc_no_cache/Ti60F225_devkit/embedded_sw/sapphire_soc_no_cache/software/standalone/common/start.o
                0x00000000f9000000                _start
                0x00000000f9000060                _init

.text           0x00000000f9000064      0x774
 *(.text.Proc_1)
 *(.text.Proc_2)
 *(.text.Proc_3)
 *(.text.Proc_4)
 *(.text.Proc_5)
 *(.text.Proc_6)
 *(.text.Proc_7)
 *(.text.Proc_8)
 *(.text.Func_1)
 *(.text.Func_2)
 *(.text.Func_3)
 *(.text.strcpy)
 *libc.a:*(.text .text.*)
 .text          0x00000000f9000064        0x0 /media/manoj/5121/tool/efinix/efinity/efinity-riscv-ide-2022.2.2/efinity-riscv-ide-2022.2.2/toolchain/bin/../lib/gcc/riscv-none-embed/8.3.0/../../../../riscv-none-embed/lib/rv32im/ilp32/libc.a(lib_a-init.o)
 .text.__libc_init_array
                0x00000000f9000064       0x94 /media/manoj/5121/tool/efinix/efinity/efinity-riscv-ide-2022.2.2/efinity-riscv-ide-2022.2.2/toolchain/bin/../lib/gcc/riscv-none-embed/8.3.0/../../../../riscv-none-embed/lib/rv32im/ilp32/libc.a(lib_a-init.o)
                0x00000000f9000064                __libc_init_array
 *(.text.main)
 *(.text.unlikely .text.unlikely.*)
 *(.text.startup .text.startup.*)
 *(.text .text.*)
 .text          0x00000000f90000f8      0x650 build//media/manoj/5121/prj/efinity_1_copy/efinity_1/ip/sapphire_soc_no_cache/Ti60F225_devkit/embedded_sw/sapphire_soc_no_cache/software/standalone/gpioDemo/src/main.o
                0x00000000f9000564                init
                0x00000000f90005dc                crash
                0x00000000f90005f4                externalInterrupt
                0x00000000f9000650                trap
                0x00000000f9000684                main
 .text          0x00000000f9000748        0x0 build//media/manoj/5121/prj/efinity_1_copy/efinity_1/ip/sapphire_soc_no_cache/Ti60F225_devkit/embedded_sw/sapphire_soc_no_cache/software/standalone/common/start.o
 .text          0x00000000f9000748       0x90 build//media/manoj/5121/prj/efinity_1_copy/efinity_1/ip/sapphire_soc_no_cache/Ti60F225_devkit/embedded_sw/sapphire_soc_no_cache/software/standalone/common/trap.o
                0x00000000f9000748                trap_entry
 *(.gnu.linkonce.t.*)
 *(.note.gnu.build-id)

.rela.dyn       0x00000000f90007d8        0x0
 .rela.init     0x00000000f90007d8        0x0 build//media/manoj/5121/prj/efinity_1_copy/efinity_1/ip/sapphire_soc_no_cache/Ti60F225_devkit/embedded_sw/sapphire_soc_no_cache/software/standalone/gpioDemo/src/main.o
 .rela.text.__libc_init_array
                0x00000000f90007d8        0x0 build//media/manoj/5121/prj/efinity_1_copy/efinity_1/ip/sapphire_soc_no_cache/Ti60F225_devkit/embedded_sw/sapphire_soc_no_cache/software/standalone/gpioDemo/src/main.o

.fini
 *(SORT_NONE(.fini))
                [!provide]                        PROVIDE (__etext = .)
                [!provide]                        PROVIDE (_etext = .)
                [!provide]                        PROVIDE (etext = .)
                0x00000000f90007d8                . = ALIGN (0x4)

.preinit_array  0x00000000f90007d8        0x0
                0x00000000f90007d8                PROVIDE (__preinit_array_start = .)
 *(.preinit_array)
                0x00000000f90007d8                PROVIDE (__preinit_array_end = .)

.init_array     0x00000000f90007d8        0x0
                0x00000000f90007d8                PROVIDE (__init_array_start = .)
 *(SORT_BY_INIT_PRIORITY(.init_array.*) SORT_BY_INIT_PRIORITY(.ctors.*))
 *(.init_array EXCLUDE_FILE(*crtend?.o *crtend.o *crtbegin?.o *crtbegin.o) .ctors)
                0x00000000f90007d8                PROVIDE (__init_array_end = .)

.fini_array     0x00000000f90007d8        0x0
                [!provide]                        PROVIDE (__fini_array_start = .)
 *(SORT_BY_INIT_PRIORITY(.fini_array.*) SORT_BY_INIT_PRIORITY(.dtors.*))
 *(.fini_array EXCLUDE_FILE(*crtend?.o *crtend.o *crtbegin?.o *crtbegin.o) .dtors)
                [!provide]                        PROVIDE (__fini_array_end = .)

.ctors
 *crtbegin.o(.ctors)
 *crtbegin?.o(.ctors)
 *(EXCLUDE_FILE(*crtend?.o *crtend.o) .ctors)
 *(SORT_BY_NAME(.ctors.*))
 *(.ctors)

.dtors
 *crtbegin.o(.dtors)
 *crtbegin?.o(.dtors)
 *(EXCLUDE_FILE(*crtend?.o *crtend.o) .dtors)
 *(SORT_BY_NAME(.dtors.*))
 *(.dtors)

.lalign         0x00000000f90007d8        0x0
                0x00000000f90007d8                . = ALIGN (0x4)
                0x00000000f90007d8                PROVIDE (_data_lma = .)

.dalign         0x00000000f90007d8        0x0
                0x00000000f90007d8                . = ALIGN (0x4)
                0x00000000f90007d8                PROVIDE (_data = .)

.data           0x00000000f90007d8      0x15a
 *(.rdata)
 *(.rodata .rodata.*)
 .rodata.str1.4
                0x00000000f90007d8      0x150 build//media/manoj/5121/prj/efinity_1_copy/efinity_1/ip/sapphire_soc_no_cache/Ti60F225_devkit/embedded_sw/sapphire_soc_no_cache/software/standalone/gpioDemo/src/main.o
                                        0x14d (size before relaxing)
 *(.gnu.linkonce.r.*)
 *(.data .data.*)
 .data          0x00000000f9000928        0x0 build//media/manoj/5121/prj/efinity_1_copy/efinity_1/ip/sapphire_soc_no_cache/Ti60F225_devkit/embedded_sw/sapphire_soc_no_cache/software/standalone/gpioDemo/src/main.o
 .data          0x00000000f9000928        0x0 build//media/manoj/5121/prj/efinity_1_copy/efinity_1/ip/sapphire_soc_no_cache/Ti60F225_devkit/embedded_sw/sapphire_soc_no_cache/software/standalone/common/start.o
 .data          0x00000000f9000928        0x0 build//media/manoj/5121/prj/efinity_1_copy/efinity_1/ip/sapphire_soc_no_cache/Ti60F225_devkit/embedded_sw/sapphire_soc_no_cache/software/standalone/common/trap.o
 .data          0x00000000f9000928        0x0 /media/manoj/5121/tool/efinix/efinity/efinity-riscv-ide-2022.2.2/efinity-riscv-ide-2022.2.2/toolchain/bin/../lib/gcc/riscv-none-embed/8.3.0/../../../../riscv-none-embed/lib/rv32im/ilp32/libc.a(lib_a-init.o)
 *(.gnu.linkonce.d.*)
                0x00000000f9000928                . = ALIGN (0x8)
 *fill*         0x00000000f9000928        0x0 
                0x00000000f9001118                PROVIDE (__global_pointer$ = (. + 0x7f0))
 *(.sdata .sdata.*)
 *(.gnu.linkonce.s.*)
                0x00000000f9000928                . = ALIGN (0x8)
 *(.srodata.cst16)
 *(.srodata.cst8)
 *(.srodata.cst4)
 *(.srodata.cst2)
 *(.srodata .srodata.*)
                0x00000000f9000932                . = (. + 0xa)
 *fill*         0x00000000f9000928        0xa 
                0x00000000f9000934                . = ALIGN (0x4)
                0x00000000f9000934                PROVIDE (_edata = .)
                [!provide]                        PROVIDE (edata = .)
                [!provide]                        PROVIDE (_fbss = .)
                0x00000000f9000934                PROVIDE (__bss_start = .)

.bss            0x00000000f9000932        0x2
 *(.sbss*)
 *(.gnu.linkonce.sb.*)
 *(.bss .bss.*)
 .bss           0x00000000f9000932        0x0 build//media/manoj/5121/prj/efinity_1_copy/efinity_1/ip/sapphire_soc_no_cache/Ti60F225_devkit/embedded_sw/sapphire_soc_no_cache/software/standalone/gpioDemo/src/main.o
 .bss           0x00000000f9000932        0x0 build//media/manoj/5121/prj/efinity_1_copy/efinity_1/ip/sapphire_soc_no_cache/Ti60F225_devkit/embedded_sw/sapphire_soc_no_cache/software/standalone/common/start.o
 .bss           0x00000000f9000932        0x0 build//media/manoj/5121/prj/efinity_1_copy/efinity_1/ip/sapphire_soc_no_cache/Ti60F225_devkit/embedded_sw/sapphire_soc_no_cache/software/standalone/common/trap.o
 .bss           0x00000000f9000932        0x0 /media/manoj/5121/tool/efinix/efinity/efinity-riscv-ide-2022.2.2/efinity-riscv-ide-2022.2.2/toolchain/bin/../lib/gcc/riscv-none-embed/8.3.0/../../../../riscv-none-embed/lib/rv32im/ilp32/libc.a(lib_a-init.o)
 *(.gnu.linkonce.b.*)
 *(COMMON)
                0x00000000f9000934                . = ALIGN (0x4)
 *fill*         0x00000000f9000932        0x2 
                0x00000000f9000938                . = ALIGN (0x8)
                0x00000000f9000938                PROVIDE (_end = .)
                [!provide]                        PROVIDE (end = .)

.stack          0x00000000f9000940     0x2000
                [!provide]                        PROVIDE (_heap_end = .)
                0x0000000000002000                . = __stack_size
 *fill*         0x00000000f9000940     0x2000 
                0x00000000f9002940                PROVIDE (_sp = .)
                0x00000000f9002940                __freertos_irq_stack_top = .
LOAD /media/manoj/5121/tool/efinix/efinity/efinity-riscv-ide-2022.2.2/efinity-riscv-ide-2022.2.2/toolchain/bin/../lib/gcc/riscv-none-embed/8.3.0/../../../../riscv-none-embed/lib/rv32im/ilp32/libm.a
LOAD /media/manoj/5121/tool/efinix/efinity/efinity-riscv-ide-2022.2.2/efinity-riscv-ide-2022.2.2/toolchain/bin/../lib/gcc/riscv-none-embed/8.3.0/rv32im/ilp32/libgcc.a
START GROUP
LOAD /media/manoj/5121/tool/efinix/efinity/efinity-riscv-ide-2022.2.2/efinity-riscv-ide-2022.2.2/toolchain/bin/../lib/gcc/riscv-none-embed/8.3.0/rv32im/ilp32/libgcc.a
LOAD /media/manoj/5121/tool/efinix/efinity/efinity-riscv-ide-2022.2.2/efinity-riscv-ide-2022.2.2/toolchain/bin/../lib/gcc/riscv-none-embed/8.3.0/../../../../riscv-none-embed/lib/rv32im/ilp32/libg.a
LOAD /media/manoj/5121/tool/efinix/efinity/efinity-riscv-ide-2022.2.2/efinity-riscv-ide-2022.2.2/toolchain/bin/../lib/gcc/riscv-none-embed/8.3.0/../../../../riscv-none-embed/lib/rv32im/ilp32/libc.a
END GROUP
LOAD /media/manoj/5121/tool/efinix/efinity/efinity-riscv-ide-2022.2.2/efinity-riscv-ide-2022.2.2/toolchain/bin/../lib/gcc/riscv-none-embed/8.3.0/rv32im/ilp32/libgcc.a
START GROUP
LOAD /media/manoj/5121/tool/efinix/efinity/efinity-riscv-ide-2022.2.2/efinity-riscv-ide-2022.2.2/toolchain/bin/../lib/gcc/riscv-none-embed/8.3.0/rv32im/ilp32/libgcc.a
LOAD /media/manoj/5121/tool/efinix/efinity/efinity-riscv-ide-2022.2.2/efinity-riscv-ide-2022.2.2/toolchain/bin/../lib/gcc/riscv-none-embed/8.3.0/../../../../riscv-none-embed/lib/rv32im/ilp32/libc.a
LOAD /media/manoj/5121/tool/efinix/efinity/efinity-riscv-ide-2022.2.2/efinity-riscv-ide-2022.2.2/toolchain/bin/../lib/gcc/riscv-none-embed/8.3.0/../../../../riscv-none-embed/lib/rv32im/ilp32/libnosys.a
END GROUP
OUTPUT(build/gpioDemo.elf elf32-littleriscv)

.debug_info     0x0000000000000000     0x1691
 .debug_info    0x0000000000000000     0x1645 build//media/manoj/5121/prj/efinity_1_copy/efinity_1/ip/sapphire_soc_no_cache/Ti60F225_devkit/embedded_sw/sapphire_soc_no_cache/software/standalone/gpioDemo/src/main.o
 .debug_info    0x0000000000001645       0x26 build//media/manoj/5121/prj/efinity_1_copy/efinity_1/ip/sapphire_soc_no_cache/Ti60F225_devkit/embedded_sw/sapphire_soc_no_cache/software/standalone/common/start.o
 .debug_info    0x000000000000166b       0x26 build//media/manoj/5121/prj/efinity_1_copy/efinity_1/ip/sapphire_soc_no_cache/Ti60F225_devkit/embedded_sw/sapphire_soc_no_cache/software/standalone/common/trap.o

.debug_abbrev   0x0000000000000000      0x3e8
 .debug_abbrev  0x0000000000000000      0x3c0 build//media/manoj/5121/prj/efinity_1_copy/efinity_1/ip/sapphire_soc_no_cache/Ti60F225_devkit/embedded_sw/sapphire_soc_no_cache/software/standalone/gpioDemo/src/main.o
 .debug_abbrev  0x00000000000003c0       0x14 build//media/manoj/5121/prj/efinity_1_copy/efinity_1/ip/sapphire_soc_no_cache/Ti60F225_devkit/embedded_sw/sapphire_soc_no_cache/software/standalone/common/start.o
 .debug_abbrev  0x00000000000003d4       0x14 build//media/manoj/5121/prj/efinity_1_copy/efinity_1/ip/sapphire_soc_no_cache/Ti60F225_devkit/embedded_sw/sapphire_soc_no_cache/software/standalone/common/trap.o

.debug_loc      0x0000000000000000      0x86e
 .debug_loc     0x0000000000000000      0x86e build//media/manoj/5121/prj/efinity_1_copy/efinity_1/ip/sapphire_soc_no_cache/Ti60F225_devkit/embedded_sw/sapphire_soc_no_cache/software/standalone/gpioDemo/src/main.o

.debug_aranges  0x0000000000000000       0x60
 .debug_aranges
                0x0000000000000000       0x20 build//media/manoj/5121/prj/efinity_1_copy/efinity_1/ip/sapphire_soc_no_cache/Ti60F225_devkit/embedded_sw/sapphire_soc_no_cache/software/standalone/gpioDemo/src/main.o
 .debug_aranges
                0x0000000000000020       0x20 build//media/manoj/5121/prj/efinity_1_copy/efinity_1/ip/sapphire_soc_no_cache/Ti60F225_devkit/embedded_sw/sapphire_soc_no_cache/software/standalone/common/start.o
 .debug_aranges
                0x0000000000000040       0x20 build//media/manoj/5121/prj/efinity_1_copy/efinity_1/ip/sapphire_soc_no_cache/Ti60F225_devkit/embedded_sw/sapphire_soc_no_cache/software/standalone/common/trap.o

.debug_ranges   0x0000000000000000       0x20
 .debug_ranges  0x0000000000000000       0x20 build//media/manoj/5121/prj/efinity_1_copy/efinity_1/ip/sapphire_soc_no_cache/Ti60F225_devkit/embedded_sw/sapphire_soc_no_cache/software/standalone/gpioDemo/src/main.o

.debug_macro    0x0000000000000000     0x1d36
 .debug_macro   0x0000000000000000      0x1ce build//media/manoj/5121/prj/efinity_1_copy/efinity_1/ip/sapphire_soc_no_cache/Ti60F225_devkit/embedded_sw/sapphire_soc_no_cache/software/standalone/gpioDemo/src/main.o
 .debug_macro   0x00000000000001ce      0x760 build//media/manoj/5121/prj/efinity_1_copy/efinity_1/ip/sapphire_soc_no_cache/Ti60F225_devkit/embedded_sw/sapphire_soc_no_cache/software/standalone/gpioDemo/src/main.o
 .debug_macro   0x000000000000092e       0x22 build//media/manoj/5121/prj/efinity_1_copy/efinity_1/ip/sapphire_soc_no_cache/Ti60F225_devkit/embedded_sw/sapphire_soc_no_cache/software/standalone/gpioDemo/src/main.o
 .debug_macro   0x0000000000000950       0x8e build//media/manoj/5121/prj/efinity_1_copy/efinity_1/ip/sapphire_soc_no_cache/Ti60F225_devkit/embedded_sw/sapphire_soc_no_cache/software/standalone/gpioDemo/src/main.o
 .debug_macro   0x00000000000009de       0x51 build//media/manoj/5121/prj/efinity_1_copy/efinity_1/ip/sapphire_soc_no_cache/Ti60F225_devkit/embedded_sw/sapphire_soc_no_cache/software/standalone/gpioDemo/src/main.o
 .debug_macro   0x0000000000000a2f      0x103 build//media/manoj/5121/prj/efinity_1_copy/efinity_1/ip/sapphire_soc_no_cache/Ti60F225_devkit/embedded_sw/sapphire_soc_no_cache/software/standalone/gpioDemo/src/main.o
 .debug_macro   0x0000000000000b32       0x6a build//media/manoj/5121/prj/efinity_1_copy/efinity_1/ip/sapphire_soc_no_cache/Ti60F225_devkit/embedded_sw/sapphire_soc_no_cache/software/standalone/gpioDemo/src/main.o
 .debug_macro   0x0000000000000b9c      0x1df build//media/manoj/5121/prj/efinity_1_copy/efinity_1/ip/sapphire_soc_no_cache/Ti60F225_devkit/embedded_sw/sapphire_soc_no_cache/software/standalone/gpioDemo/src/main.o
 .debug_macro   0x0000000000000d7b      0x13c build//media/manoj/5121/prj/efinity_1_copy/efinity_1/ip/sapphire_soc_no_cache/Ti60F225_devkit/embedded_sw/sapphire_soc_no_cache/software/standalone/gpioDemo/src/main.o
 .debug_macro   0x0000000000000eb7       0xc4 build//media/manoj/5121/prj/efinity_1_copy/efinity_1/ip/sapphire_soc_no_cache/Ti60F225_devkit/embedded_sw/sapphire_soc_no_cache/software/standalone/gpioDemo/src/main.o
 .debug_macro   0x0000000000000f7b       0x10 build//media/manoj/5121/prj/efinity_1_copy/efinity_1/ip/sapphire_soc_no_cache/Ti60F225_devkit/embedded_sw/sapphire_soc_no_cache/software/standalone/gpioDemo/src/main.o
 .debug_macro   0x0000000000000f8b       0x1c build//media/manoj/5121/prj/efinity_1_copy/efinity_1/ip/sapphire_soc_no_cache/Ti60F225_devkit/embedded_sw/sapphire_soc_no_cache/software/standalone/gpioDemo/src/main.o
 .debug_macro   0x0000000000000fa7       0x16 build//media/manoj/5121/prj/efinity_1_copy/efinity_1/ip/sapphire_soc_no_cache/Ti60F225_devkit/embedded_sw/sapphire_soc_no_cache/software/standalone/gpioDemo/src/main.o
 .debug_macro   0x0000000000000fbd       0xac build//media/manoj/5121/prj/efinity_1_copy/efinity_1/ip/sapphire_soc_no_cache/Ti60F225_devkit/embedded_sw/sapphire_soc_no_cache/software/standalone/gpioDemo/src/main.o
 .debug_macro   0x0000000000001069       0x58 build//media/manoj/5121/prj/efinity_1_copy/efinity_1/ip/sapphire_soc_no_cache/Ti60F225_devkit/embedded_sw/sapphire_soc_no_cache/software/standalone/gpioDemo/src/main.o
 .debug_macro   0x00000000000010c1       0x19 build//media/manoj/5121/prj/efinity_1_copy/efinity_1/ip/sapphire_soc_no_cache/Ti60F225_devkit/embedded_sw/sapphire_soc_no_cache/software/standalone/gpioDemo/src/main.o
 .debug_macro   0x00000000000010da       0x52 build//media/manoj/5121/prj/efinity_1_copy/efinity_1/ip/sapphire_soc_no_cache/Ti60F225_devkit/embedded_sw/sapphire_soc_no_cache/software/standalone/gpioDemo/src/main.o
 .debug_macro   0x000000000000112c       0x34 build//media/manoj/5121/prj/efinity_1_copy/efinity_1/ip/sapphire_soc_no_cache/Ti60F225_devkit/embedded_sw/sapphire_soc_no_cache/software/standalone/gpioDemo/src/main.o
 .debug_macro   0x0000000000001160       0x34 build//media/manoj/5121/prj/efinity_1_copy/efinity_1/ip/sapphire_soc_no_cache/Ti60F225_devkit/embedded_sw/sapphire_soc_no_cache/software/standalone/gpioDemo/src/main.o
 .debug_macro   0x0000000000001194       0x16 build//media/manoj/5121/prj/efinity_1_copy/efinity_1/ip/sapphire_soc_no_cache/Ti60F225_devkit/embedded_sw/sapphire_soc_no_cache/software/standalone/gpioDemo/src/main.o
 .debug_macro   0x00000000000011aa      0x10e build//media/manoj/5121/prj/efinity_1_copy/efinity_1/ip/sapphire_soc_no_cache/Ti60F225_devkit/embedded_sw/sapphire_soc_no_cache/software/standalone/gpioDemo/src/main.o
 .debug_macro   0x00000000000012b8       0x8d build//media/manoj/5121/prj/efinity_1_copy/efinity_1/ip/sapphire_soc_no_cache/Ti60F225_devkit/embedded_sw/sapphire_soc_no_cache/software/standalone/gpioDemo/src/main.o
 .debug_macro   0x0000000000001345       0x16 build//media/manoj/5121/prj/efinity_1_copy/efinity_1/ip/sapphire_soc_no_cache/Ti60F225_devkit/embedded_sw/sapphire_soc_no_cache/software/standalone/gpioDemo/src/main.o
 .debug_macro   0x000000000000135b       0x43 build//media/manoj/5121/prj/efinity_1_copy/efinity_1/ip/sapphire_soc_no_cache/Ti60F225_devkit/embedded_sw/sapphire_soc_no_cache/software/standalone/gpioDemo/src/main.o
 .debug_macro   0x000000000000139e       0x34 build//media/manoj/5121/prj/efinity_1_copy/efinity_1/ip/sapphire_soc_no_cache/Ti60F225_devkit/embedded_sw/sapphire_soc_no_cache/software/standalone/gpioDemo/src/main.o
 .debug_macro   0x00000000000013d2       0x10 build//media/manoj/5121/prj/efinity_1_copy/efinity_1/ip/sapphire_soc_no_cache/Ti60F225_devkit/embedded_sw/sapphire_soc_no_cache/software/standalone/gpioDemo/src/main.o
 .debug_macro   0x00000000000013e2       0x52 build//media/manoj/5121/prj/efinity_1_copy/efinity_1/ip/sapphire_soc_no_cache/Ti60F225_devkit/embedded_sw/sapphire_soc_no_cache/software/standalone/gpioDemo/src/main.o
 .debug_macro   0x0000000000001434      0x182 build//media/manoj/5121/prj/efinity_1_copy/efinity_1/ip/sapphire_soc_no_cache/Ti60F225_devkit/embedded_sw/sapphire_soc_no_cache/software/standalone/gpioDemo/src/main.o
 .debug_macro   0x00000000000015b6      0x339 build//media/manoj/5121/prj/efinity_1_copy/efinity_1/ip/sapphire_soc_no_cache/Ti60F225_devkit/embedded_sw/sapphire_soc_no_cache/software/standalone/gpioDemo/src/main.o
 .debug_macro   0x00000000000018ef       0x16 build//media/manoj/5121/prj/efinity_1_copy/efinity_1/ip/sapphire_soc_no_cache/Ti60F225_devkit/embedded_sw/sapphire_soc_no_cache/software/standalone/gpioDemo/src/main.o
 .debug_macro   0x0000000000001905       0x29 build//media/manoj/5121/prj/efinity_1_copy/efinity_1/ip/sapphire_soc_no_cache/Ti60F225_devkit/embedded_sw/sapphire_soc_no_cache/software/standalone/gpioDemo/src/main.o
 .debug_macro   0x000000000000192e      0x1a9 build//media/manoj/5121/prj/efinity_1_copy/efinity_1/ip/sapphire_soc_no_cache/Ti60F225_devkit/embedded_sw/sapphire_soc_no_cache/software/standalone/gpioDemo/src/main.o
 .debug_macro   0x0000000000001ad7       0x16 build//media/manoj/5121/prj/efinity_1_copy/efinity_1/ip/sapphire_soc_no_cache/Ti60F225_devkit/embedded_sw/sapphire_soc_no_cache/software/standalone/gpioDemo/src/main.o
 .debug_macro   0x0000000000001aed       0x35 build//media/manoj/5121/prj/efinity_1_copy/efinity_1/ip/sapphire_soc_no_cache/Ti60F225_devkit/embedded_sw/sapphire_soc_no_cache/software/standalone/gpioDemo/src/main.o
 .debug_macro   0x0000000000001b22      0x1b8 build//media/manoj/5121/prj/efinity_1_copy/efinity_1/ip/sapphire_soc_no_cache/Ti60F225_devkit/embedded_sw/sapphire_soc_no_cache/software/standalone/gpioDemo/src/main.o
 .debug_macro   0x0000000000001cda       0x2e build//media/manoj/5121/prj/efinity_1_copy/efinity_1/ip/sapphire_soc_no_cache/Ti60F225_devkit/embedded_sw/sapphire_soc_no_cache/software/standalone/gpioDemo/src/main.o
 .debug_macro   0x0000000000001d08       0x2e build//media/manoj/5121/prj/efinity_1_copy/efinity_1/ip/sapphire_soc_no_cache/Ti60F225_devkit/embedded_sw/sapphire_soc_no_cache/software/standalone/gpioDemo/src/main.o

.debug_line     0x0000000000000000     0x10d6
 .debug_line    0x0000000000000000      0xf0b build//media/manoj/5121/prj/efinity_1_copy/efinity_1/ip/sapphire_soc_no_cache/Ti60F225_devkit/embedded_sw/sapphire_soc_no_cache/software/standalone/gpioDemo/src/main.o
 .debug_line    0x0000000000000f0b       0xba build//media/manoj/5121/prj/efinity_1_copy/efinity_1/ip/sapphire_soc_no_cache/Ti60F225_devkit/embedded_sw/sapphire_soc_no_cache/software/standalone/common/start.o
 .debug_line    0x0000000000000fc5      0x111 build//media/manoj/5121/prj/efinity_1_copy/efinity_1/ip/sapphire_soc_no_cache/Ti60F225_devkit/embedded_sw/sapphire_soc_no_cache/software/standalone/common/trap.o

.debug_str      0x0000000000000000     0x8754
 .debug_str     0x0000000000000000     0x8725 build//media/manoj/5121/prj/efinity_1_copy/efinity_1/ip/sapphire_soc_no_cache/Ti60F225_devkit/embedded_sw/sapphire_soc_no_cache/software/standalone/gpioDemo/src/main.o
                                       0x8a10 (size before relaxing)
 .debug_str     0x0000000000008725       0x1e build//media/manoj/5121/prj/efinity_1_copy/efinity_1/ip/sapphire_soc_no_cache/Ti60F225_devkit/embedded_sw/sapphire_soc_no_cache/software/standalone/common/start.o
                                         0xb6 (size before relaxing)
 .debug_str     0x0000000000008743       0x11 build//media/manoj/5121/prj/efinity_1_copy/efinity_1/ip/sapphire_soc_no_cache/Ti60F225_devkit/embedded_sw/sapphire_soc_no_cache/software/standalone/common/trap.o
                                         0xb5 (size before relaxing)

.comment        0x0000000000000000       0x33
 .comment       0x0000000000000000       0x33 build//media/manoj/5121/prj/efinity_1_copy/efinity_1/ip/sapphire_soc_no_cache/Ti60F225_devkit/embedded_sw/sapphire_soc_no_cache/software/standalone/gpioDemo/src/main.o
                                         0x34 (size before relaxing)

.debug_frame    0x0000000000000000      0x274
 .debug_frame   0x0000000000000000      0x238 build//media/manoj/5121/prj/efinity_1_copy/efinity_1/ip/sapphire_soc_no_cache/Ti60F225_devkit/embedded_sw/sapphire_soc_no_cache/software/standalone/gpioDemo/src/main.o
 .debug_frame   0x0000000000000238       0x3c /media/manoj/5121/tool/efinix/efinity/efinity-riscv-ide-2022.2.2/efinity-riscv-ide-2022.2.2/toolchain/bin/../lib/gcc/riscv-none-embed/8.3.0/../../../../riscv-none-embed/lib/rv32im/ilp32/libc.a(lib_a-init.o)
