Archive member included to satisfy reference by file (symbol)

/home/manoj/efinity/efinity-riscv-ide-2022.2.2/toolchain/bin/../lib/gcc/riscv-none-embed/8.3.0/../../../../riscv-none-embed/lib/rv32im/ilp32/libc.a(lib_a-init.o)
                              build//home/manoj/Documents/works/efinity_1/embedded_sw/sapphire_soc_no_cache/software/standalone/common/start.o (__libc_init_array)

Memory Configuration

Name             Origin             Length             Attributes
ram              0x00000000f9000000 0x0000000000006000 axwl !r
*default*        0x0000000000000000 0xffffffffffffffff

Linker script and memory map

LOAD build//home/manoj/Documents/works/efinity_1/embedded_sw/sapphire_soc_no_cache/software/standalone/gpioDemo/src/main.o
LOAD build//home/manoj/Documents/works/efinity_1/embedded_sw/sapphire_soc_no_cache/software/standalone/common/start.o
LOAD build//home/manoj/Documents/works/efinity_1/embedded_sw/sapphire_soc_no_cache/software/standalone/common/trap.o
LOAD /home/manoj/efinity/efinity-riscv-ide-2022.2.2/toolchain/bin/../lib/gcc/riscv-none-embed/8.3.0/../../../../riscv-none-embed/lib/rv32im/ilp32/libc.a
LOAD /home/manoj/efinity/efinity-riscv-ide-2022.2.2/toolchain/bin/../lib/gcc/riscv-none-embed/8.3.0/rv32im/ilp32/libgcc.a
                0x0000000000000c00                __stack_size = DEFINED (__stack_size)?__stack_size:0xc00

.init           0x00000000f9000000       0x60
 *(SORT_NONE(.init))
 .init          0x00000000f9000000       0x60 build//home/manoj/Documents/works/efinity_1/embedded_sw/sapphire_soc_no_cache/software/standalone/common/start.o
                0x00000000f9000000                _start
                0x00000000f900005c                _init

.text           0x00000000f9000060      0x4f0
 *(.text.Proc_1)
 *(.text.Proc_2)
 *(.text.Proc_3)
 *(.text.Proc_4)
 *(.text.Proc_5)
 *(.text.Proc_6)
 *(.text.Proc_7)
 *(.text.Proc_8)
 *(.text.Func_1)
 *(.text.Func_2)
 *(.text.Func_3)
 *(.text.strcpy)
 *libc.a:*(.text .text.*)
 .text          0x00000000f9000060        0x0 /home/manoj/efinity/efinity-riscv-ide-2022.2.2/toolchain/bin/../lib/gcc/riscv-none-embed/8.3.0/../../../../riscv-none-embed/lib/rv32im/ilp32/libc.a(lib_a-init.o)
 .text.__libc_init_array
                0x00000000f9000060       0x94 /home/manoj/efinity/efinity-riscv-ide-2022.2.2/toolchain/bin/../lib/gcc/riscv-none-embed/8.3.0/../../../../riscv-none-embed/lib/rv32im/ilp32/libc.a(lib_a-init.o)
                0x00000000f9000060                __libc_init_array
 *(.text.main)
 *(.text.unlikely .text.unlikely.*)
 *(.text.startup .text.startup.*)
 .text.startup  0x00000000f90000f4       0x98 build//home/manoj/Documents/works/efinity_1/embedded_sw/sapphire_soc_no_cache/software/standalone/gpioDemo/src/main.o
                0x00000000f90000f4                main
 *(.text .text.*)
 .text          0x00000000f900018c      0x334 build//home/manoj/Documents/works/efinity_1/embedded_sw/sapphire_soc_no_cache/software/standalone/gpioDemo/src/main.o
                0x00000000f90003d0                init
                0x00000000f9000424                crash
                0x00000000f900043c                externalInterrupt
                0x00000000f9000494                trap
 .text          0x00000000f90004c0        0x0 build//home/manoj/Documents/works/efinity_1/embedded_sw/sapphire_soc_no_cache/software/standalone/common/start.o
 .text          0x00000000f90004c0       0x90 build//home/manoj/Documents/works/efinity_1/embedded_sw/sapphire_soc_no_cache/software/standalone/common/trap.o
                0x00000000f90004c0                trap_entry
 *(.gnu.linkonce.t.*)
 *(.note.gnu.build-id)

.rela.dyn       0x00000000f9000550        0x0
 .rela.init     0x00000000f9000550        0x0 build//home/manoj/Documents/works/efinity_1/embedded_sw/sapphire_soc_no_cache/software/standalone/gpioDemo/src/main.o
 .rela.text.__libc_init_array
                0x00000000f9000550        0x0 build//home/manoj/Documents/works/efinity_1/embedded_sw/sapphire_soc_no_cache/software/standalone/gpioDemo/src/main.o

.fini
 *(SORT_NONE(.fini))
                [!provide]                        PROVIDE (__etext = .)
                [!provide]                        PROVIDE (_etext = .)
                [!provide]                        PROVIDE (etext = .)
                0x00000000f9000550                . = ALIGN (0x4)

.preinit_array  0x00000000f9000550        0x0
                0x00000000f9000550                PROVIDE (__preinit_array_start = .)
 *(.preinit_array)
                0x00000000f9000550                PROVIDE (__preinit_array_end = .)

.init_array     0x00000000f9000550        0x0
                0x00000000f9000550                PROVIDE (__init_array_start = .)
 *(SORT_BY_INIT_PRIORITY(.init_array.*) SORT_BY_INIT_PRIORITY(.ctors.*))
 *(.init_array EXCLUDE_FILE(*crtend?.o *crtend.o *crtbegin?.o *crtbegin.o) .ctors)
                0x00000000f9000550                PROVIDE (__init_array_end = .)

.fini_array     0x00000000f9000550        0x0
                [!provide]                        PROVIDE (__fini_array_start = .)
 *(SORT_BY_INIT_PRIORITY(.fini_array.*) SORT_BY_INIT_PRIORITY(.dtors.*))
 *(.fini_array EXCLUDE_FILE(*crtend?.o *crtend.o *crtbegin?.o *crtbegin.o) .dtors)
                [!provide]                        PROVIDE (__fini_array_end = .)

.ctors
 *crtbegin.o(.ctors)
 *crtbegin?.o(.ctors)
 *(EXCLUDE_FILE(*crtend?.o *crtend.o) .ctors)
 *(SORT_BY_NAME(.ctors.*))
 *(.ctors)

.dtors
 *crtbegin.o(.dtors)
 *crtbegin?.o(.dtors)
 *(EXCLUDE_FILE(*crtend?.o *crtend.o) .dtors)
 *(SORT_BY_NAME(.dtors.*))
 *(.dtors)

.lalign         0x00000000f9000550        0x0
                0x00000000f9000550                . = ALIGN (0x4)
                0x00000000f9000550                PROVIDE (_data_lma = .)

.dalign         0x00000000f9000550        0x0
                0x00000000f9000550                . = ALIGN (0x4)
                0x00000000f9000550                PROVIDE (_data = .)

.data           0x00000000f9000550      0x15a
 *(.rdata)
 *(.rodata .rodata.*)
 .rodata.str1.4
                0x00000000f9000550      0x150 build//home/manoj/Documents/works/efinity_1/embedded_sw/sapphire_soc_no_cache/software/standalone/gpioDemo/src/main.o
                                        0x14d (size before relaxing)
 *(.gnu.linkonce.r.*)
 *(.data .data.*)
 .data          0x00000000f90006a0        0x0 build//home/manoj/Documents/works/efinity_1/embedded_sw/sapphire_soc_no_cache/software/standalone/gpioDemo/src/main.o
 .data          0x00000000f90006a0        0x0 build//home/manoj/Documents/works/efinity_1/embedded_sw/sapphire_soc_no_cache/software/standalone/common/start.o
 .data          0x00000000f90006a0        0x0 build//home/manoj/Documents/works/efinity_1/embedded_sw/sapphire_soc_no_cache/software/standalone/common/trap.o
 .data          0x00000000f90006a0        0x0 /home/manoj/efinity/efinity-riscv-ide-2022.2.2/toolchain/bin/../lib/gcc/riscv-none-embed/8.3.0/../../../../riscv-none-embed/lib/rv32im/ilp32/libc.a(lib_a-init.o)
 *(.gnu.linkonce.d.*)
                0x00000000f90006a0                . = ALIGN (0x8)
 *fill*         0x00000000f90006a0        0x0 
                0x00000000f9000e90                PROVIDE (__global_pointer$ = (. + 0x7f0))
 *(.sdata .sdata.*)
 *(.gnu.linkonce.s.*)
                0x00000000f90006a0                . = ALIGN (0x8)
 *(.srodata.cst16)
 *(.srodata.cst8)
 *(.srodata.cst4)
 *(.srodata.cst2)
 *(.srodata .srodata.*)
                0x00000000f90006aa                . = (. + 0xa)
 *fill*         0x00000000f90006a0        0xa 
                0x00000000f90006ac                . = ALIGN (0x4)
                0x00000000f90006ac                PROVIDE (_edata = .)
                [!provide]                        PROVIDE (edata = .)
                [!provide]                        PROVIDE (_fbss = .)
                0x00000000f90006ac                PROVIDE (__bss_start = .)

.bss            0x00000000f90006aa        0x2
 *(.sbss*)
 *(.gnu.linkonce.sb.*)
 *(.bss .bss.*)
 .bss           0x00000000f90006aa        0x0 build//home/manoj/Documents/works/efinity_1/embedded_sw/sapphire_soc_no_cache/software/standalone/gpioDemo/src/main.o
 .bss           0x00000000f90006aa        0x0 build//home/manoj/Documents/works/efinity_1/embedded_sw/sapphire_soc_no_cache/software/standalone/common/start.o
 .bss           0x00000000f90006aa        0x0 build//home/manoj/Documents/works/efinity_1/embedded_sw/sapphire_soc_no_cache/software/standalone/common/trap.o
 .bss           0x00000000f90006aa        0x0 /home/manoj/efinity/efinity-riscv-ide-2022.2.2/toolchain/bin/../lib/gcc/riscv-none-embed/8.3.0/../../../../riscv-none-embed/lib/rv32im/ilp32/libc.a(lib_a-init.o)
 *(.gnu.linkonce.b.*)
 *(COMMON)
                0x00000000f90006ac                . = ALIGN (0x4)
 *fill*         0x00000000f90006aa        0x2 
                0x00000000f90006b0                . = ALIGN (0x8)
                0x00000000f90006b0                PROVIDE (_end = .)
                [!provide]                        PROVIDE (end = .)

.stack          0x00000000f90006b0      0xc00
                [!provide]                        PROVIDE (_heap_end = .)
                0x0000000000000c00                . = __stack_size
 *fill*         0x00000000f90006b0      0xc00 
                0x00000000f90012b0                PROVIDE (_sp = .)
                0x00000000f90012b0                __freertos_irq_stack_top = .
LOAD /home/manoj/efinity/efinity-riscv-ide-2022.2.2/toolchain/bin/../lib/gcc/riscv-none-embed/8.3.0/../../../../riscv-none-embed/lib/rv32im/ilp32/libm.a
LOAD /home/manoj/efinity/efinity-riscv-ide-2022.2.2/toolchain/bin/../lib/gcc/riscv-none-embed/8.3.0/rv32im/ilp32/libgcc.a
START GROUP
LOAD /home/manoj/efinity/efinity-riscv-ide-2022.2.2/toolchain/bin/../lib/gcc/riscv-none-embed/8.3.0/rv32im/ilp32/libgcc.a
LOAD /home/manoj/efinity/efinity-riscv-ide-2022.2.2/toolchain/bin/../lib/gcc/riscv-none-embed/8.3.0/../../../../riscv-none-embed/lib/rv32im/ilp32/libg.a
LOAD /home/manoj/efinity/efinity-riscv-ide-2022.2.2/toolchain/bin/../lib/gcc/riscv-none-embed/8.3.0/../../../../riscv-none-embed/lib/rv32im/ilp32/libc.a
END GROUP
LOAD /home/manoj/efinity/efinity-riscv-ide-2022.2.2/toolchain/bin/../lib/gcc/riscv-none-embed/8.3.0/rv32im/ilp32/libgcc.a
START GROUP
LOAD /home/manoj/efinity/efinity-riscv-ide-2022.2.2/toolchain/bin/../lib/gcc/riscv-none-embed/8.3.0/rv32im/ilp32/libgcc.a
LOAD /home/manoj/efinity/efinity-riscv-ide-2022.2.2/toolchain/bin/../lib/gcc/riscv-none-embed/8.3.0/../../../../riscv-none-embed/lib/rv32im/ilp32/libc.a
LOAD /home/manoj/efinity/efinity-riscv-ide-2022.2.2/toolchain/bin/../lib/gcc/riscv-none-embed/8.3.0/../../../../riscv-none-embed/lib/rv32im/ilp32/libnosys.a
END GROUP
OUTPUT(build/gpioDemo.elf elf32-littleriscv)

.comment        0x0000000000000000       0x33
 .comment       0x0000000000000000       0x33 build//home/manoj/Documents/works/efinity_1/embedded_sw/sapphire_soc_no_cache/software/standalone/gpioDemo/src/main.o
                                         0x34 (size before relaxing)

.debug_frame    0x0000000000000000       0x3c
 .debug_frame   0x0000000000000000       0x3c /home/manoj/efinity/efinity-riscv-ide-2022.2.2/toolchain/bin/../lib/gcc/riscv-none-embed/8.3.0/../../../../riscv-none-embed/lib/rv32im/ilp32/libc.a(lib_a-init.o)
